../Core/Inc/CANSPI.c:25:6:CANSPI_Sleep	8	static
../Core/Inc/CANSPI.c:37:6:CANSPI_Initialize	40	static
../Core/Inc/CANSPI.c:148:9:CANSPI_Transmit	24	static
../Core/Inc/CANSPI.c:196:9:CANSPI_Receive	40	static
../Core/Inc/CANSPI.c:247:9:CANSPI_messagesInBuffer	16	static
../Core/Inc/CANSPI.c:267:9:CANSPI_isBussOff	16	static
../Core/Inc/CANSPI.c:282:9:CANSPI_isRxErrorPassive	16	static
../Core/Inc/CANSPI.c:297:9:CANSPI_isTxErrorPassive	16	static
../Core/Inc/CANSPI.c:312:17:convertReg2ExtendedCANid	32	static
../Core/Inc/CANSPI.c:334:17:convertReg2StandardCANid	24	static
../Core/Inc/CANSPI.c:347:13:convertCANid2Reg	32	static
