../Core/Inc/CANSPI.c:25:6:CANSPI_Sleep	8	static
../Core/Inc/CANSPI.c:37:6:CANSPI_Initialize	40	static
../Core/Inc/CANSPI.c:140:9:CANSPI_Transmit	24	static
../Core/Inc/CANSPI.c:188:9:CANSPI_Receive	40	static
../Core/Inc/CANSPI.c:239:9:CANSPI_messagesInBuffer	16	static
../Core/Inc/CANSPI.c:259:9:CANSPI_isBussOff	16	static
../Core/Inc/CANSPI.c:274:9:CANSPI_isRxErrorPassive	16	static
../Core/Inc/CANSPI.c:289:9:CANSPI_isTxErrorPassive	16	static
../Core/Inc/CANSPI.c:304:17:convertReg2ExtendedCANid	32	static
../Core/Inc/CANSPI.c:326:17:convertReg2StandardCANid	24	static
../Core/Inc/CANSPI.c:339:13:convertCANid2Reg	32	static
